// Jest Snapshot v1, https://goo.gl/fbAQLP

exports[`LoadingSpinner when the component should not show renders correctly 1`] = `
<Fragment>
  <div
    className="wrapper wrapperShow"
    onClick={[Function]}
  />
  <div
    className="loadingSpinner loadingSpinnerShow"
  >
    <div />
    <div />
    <div />
    <div />
  </div>
</Fragment>
`;

exports[`LoadingSpinner when the component should show renders correctly 1`] = `
<Fragment>
  <div
    className="wrapper wrapperShow"
    onClick={[Function]}
  />
  <div
    className="loadingSpinner loadingSpinnerShow"
  >
    <div />
    <div />
    <div />
    <div />
  </div>
</Fragment>
`;
