// Jest Snapshot v1, https://goo.gl/fbAQLP

exports[`renders correctly 1`] = `
<Page>
  <h1>
    About Page 📖
  </h1>
  <p
    className="aboutParagraph"
  >
    Lorem ipsum dolor sit amet, consectetur adipiscing elit, sed do eiusmod tempor incididunt ut labore et dolore magna aliqua. Ut enim ad minim veniam, quis nostrud exercitation ullamco laboris nisi ut aliquip ex ea commodo consequat. Duis aute irure dolor in reprehenderit in voluptate velit esse cillum dolore eu fugiat nulla pariatur. Excepteur sint occaecat cupidatat non proident, sunt in culpa qui officia deserunt mollit anim id est laborum.
  </p>
  <p
    className="aboutParagraph"
  >
    Lorem ipsum dolor sit amet, consectetur adipiscing elit, sed do eiusmod tempor incididunt ut labore et dolore magna aliqua. Id aliquet lectus proin nibh nisl condimentum id. Nulla posuere sollicitudin aliquam ultrices sagittis orci a. Sit amet consectetur adipiscing elit pellentesque. Quis blandit turpis cursus in hac habitasse. Sit amet nisl suscipit adipiscing bibendum est ultricies. Id consectetur purus ut faucibus pulvinar elementum integer enim neque. Nulla aliquet porttitor lacus luctus accumsan tortor posuere ac ut. Pellentesque massa placerat duis ultricies lacus sed turpis. Ultrices tincidunt arcu non sodales neque sodales ut. Senectus et netus et malesuada fames.
  </p>
  <p
    className="aboutParagraph"
  >
    In hac habitasse platea dictumst quisque sagittis. Donec adipiscing tristique risus nec feugiat in. Blandit cursus risus at ultrices mi tempus. Lorem ipsum dolor sit amet. Morbi tincidunt ornare massa eget egestas purus viverra. Viverra accumsan in nisl nisi scelerisque eu ultrices vitae. Venenatis lectus magna fringilla urna porttitor rhoncus dolor purus. Faucibus vitae aliquet nec ullamcorper sit. Sapien et ligula ullamcorper malesuada proin libero nunc consequat interdum. Fermentum dui faucibus in ornare quam viverra orci sagittis eu. Arcu risus quis varius quam quisque id diam.
  </p>
  <p
    className="aboutParagraph"
  >
    Sit amet dictum sit amet. Eget dolor morbi non arcu risus quis varius quam. Tortor at risus viverra adipiscing at in tellus. Ut pharetra sit amet aliquam id diam. Vestibulum morbi blandit cursus risus. Integer vitae justo eget magna fermentum iaculis eu. Sapien nec sagittis aliquam malesuada bibendum arcu vitae. Pellentesque elit eget gravida cum sociis natoque penatibus et. Et tortor at risus viverra adipiscing at in tellus integer. Congue eu consequat ac felis donec et odio pellentesque diam. Consequat mauris nunc congue nisi vitae suscipit. Ac ut consequat semper viverra. Et pharetra pharetra massa massa ultricies mi quis hendrerit. Tortor condimentum lacinia quis vel. Pulvinar etiam non quam lacus suspendisse faucibus interdum. Et malesuada fames ac turpis. Adipiscing bibendum est ultricies integer quis auctor elit. In massa tempor nec feugiat nisl pretium fusce id.
  </p>
  <p
    className="aboutParagraph"
  >
    Tempor commodo ullamcorper a lacus. Sapien eget mi proin sed libero. Cras adipiscing enim eu turpis egestas pretium. Felis eget velit aliquet sagittis id consectetur purus ut. Diam vulputate ut pharetra sit amet. Vel elit scelerisque mauris pellentesque pulvinar pellentesque habitant. Vel turpis nunc eget lorem. Dictum at tempor commodo ullamcorper a lacus vestibulum sed. Quam nulla porttitor massa id neque aliquam vestibulum. Pretium lectus quam id leo in vitae turpis. Auctor elit sed vulputate mi sit amet. Ac placerat vestibulum lectus mauris ultrices eros in cursus.
  </p>
  <p
    className="aboutParagraph"
  >
    Massa tempor nec feugiat nisl pretium fusce. Venenatis lectus magna fringilla urna porttitor rhoncus dolor purus non. Adipiscing tristique risus nec feugiat in. Tortor posuere ac ut consequat semper viverra nam. Mus mauris vitae ultricies leo integer malesuada nunc. Ornare quam viverra orci sagittis eu. Praesent elementum facilisis leo vel fringilla. Phasellus faucibus scelerisque eleifend donec. Lobortis mattis aliquam faucibus purus in massa. Ornare aenean euismod elementum nisi quis eleifend quam adipiscing vitae. Placerat duis ultricies lacus sed turpis tincidunt. Aliquam purus sit amet luctus. Massa placerat duis ultricies lacus sed. Erat velit scelerisque in dictum non consectetur a erat nam. Dui id ornare arcu odio ut sem nulla pharetra. Amet facilisis magna etiam tempor orci eu lobortis elementum nibh. Varius sit amet mattis vulputate enim nulla aliquet. Cras sed felis eget velit aliquet sagittis. Aliquam ultrices sagittis orci a. Eu augue ut lectus arcu bibendum.
  </p>
</Page>
`;
